python : Creating test database for alias 'default'...
At line:1 char:49
+ ... re_Management" ; python manage.py test > test-output.txt 2>&1 ; echo  ...
+                      ~~~~~~~~~~~~~~~~~~~~~~~~~~~~~~~~~~~~~~~~~~~~
    + CategoryInfo          : NotSpecified: (Creating test d...as 'default'... 
   :String) [], RemoteException
    + FullyQualifiedErrorId : NativeCommandError
 

....
----------------------------------------------------------------------
Ran 4 tests in 10.736s

OK
Destroying test database for alias 'default'...

Found 4 test(s).
System check identified no issues (0 silenced).
